OpenJDK 64-Bit Server VM (25.131-b11) for linux-amd64 JRE (1.8.0_131-8u131-b11-0ubuntu1.16.04.2-b11), built on May  6 2017 02:45:27 by "buildd" with gcc 5.4.0 20160609
Memory: 4k page, physical 16150428k(8122580k free), swap 16489468k(16489468k free)
CommandLine flags: -XX:+DisableExplicitGC -XX:InitialHeapSize=1073741824 -XX:InitiatingHeapOccupancyPercent=35 -XX:+ManagementServer -XX:MaxGCPauseMillis=20 -XX:MaxHeapSize=1073741824 -XX:+PrintGC -XX:+PrintGCDateStamps -XX:+PrintGCDetails -XX:+PrintGCTimeStamps -XX:+UseCompressedClassPointers -XX:+UseCompressedOops -XX:+UseG1GC 
2017-06-25T22:26:50.908+0200: 1,874: [GC pause (G1 Evacuation Pause) (young), 0,0063558 secs]
   [Parallel Time: 4,0 ms, GC Workers: 4]
      [GC Worker Start (ms): Min: 1873,6, Avg: 1873,6, Max: 1873,6, Diff: 0,0]
      [Ext Root Scanning (ms): Min: 0,5, Avg: 0,7, Max: 1,2, Diff: 0,6, Sum: 3,0]
      [Update RS (ms): Min: 0,0, Avg: 0,0, Max: 0,0, Diff: 0,0, Sum: 0,0]
         [Processed Buffers: Min: 0, Avg: 0,0, Max: 0, Diff: 0, Sum: 0]
      [Scan RS (ms): Min: 0,0, Avg: 0,0, Max: 0,0, Diff: 0,0, Sum: 0,0]
      [Code Root Scanning (ms): Min: 0,0, Avg: 0,1, Max: 0,3, Diff: 0,3, Sum: 0,6]
      [Object Copy (ms): Min: 2,8, Avg: 3,0, Max: 3,3, Diff: 0,5, Sum: 12,1]
      [Termination (ms): Min: 0,0, Avg: 0,0, Max: 0,0, Diff: 0,0, Sum: 0,0]
         [Termination Attempts: Min: 1, Avg: 5,8, Max: 9, Diff: 8, Sum: 23]
      [GC Worker Other (ms): Min: 0,0, Avg: 0,0, Max: 0,0, Diff: 0,0, Sum: 0,0]
      [GC Worker Total (ms): Min: 3,9, Avg: 3,9, Max: 3,9, Diff: 0,0, Sum: 15,7]
      [GC Worker End (ms): Min: 1877,6, Avg: 1877,6, Max: 1877,6, Diff: 0,0]
   [Code Root Fixup: 0,1 ms]
   [Code Root Purge: 0,0 ms]
   [Clear CT: 0,1 ms]
   [Other: 2,1 ms]
      [Choose CSet: 0,0 ms]
      [Ref Proc: 1,8 ms]
      [Ref Enq: 0,1 ms]
      [Redirty Cards: 0,1 ms]
      [Humongous Register: 0,0 ms]
      [Humongous Reclaim: 0,0 ms]
      [Free CSet: 0,0 ms]
   [Eden: 51,0M(51,0M)->0,0B(44,0M) Survivors: 0,0B->7168,0K Heap: 51,0M(1024,0M)->7625,5K(1024,0M)]
 [Times: user=0,02 sys=0,00, real=0,01 secs] 
2017-06-25T22:26:52.313+0200: 3,279: [GC pause (G1 Evacuation Pause) (young), 0,0084106 secs]
   [Parallel Time: 6,5 ms, GC Workers: 4]
      [GC Worker Start (ms): Min: 3279,0, Avg: 3280,3, Max: 3281,5, Diff: 2,5]
      [Ext Root Scanning (ms): Min: 0,0, Avg: 0,9, Max: 2,0, Diff: 2,0, Sum: 3,7]
      [Update RS (ms): Min: 0,0, Avg: 0,0, Max: 0,1, Diff: 0,1, Sum: 0,1]
         [Processed Buffers: Min: 0, Avg: 0,2, Max: 1, Diff: 1, Sum: 1]
      [Scan RS (ms): Min: 0,0, Avg: 0,0, Max: 0,0, Diff: 0,0, Sum: 0,0]
      [Code Root Scanning (ms): Min: 0,0, Avg: 0,3, Max: 1,2, Diff: 1,2, Sum: 1,2]
      [Object Copy (ms): Min: 3,1, Avg: 3,9, Max: 4,3, Diff: 1,2, Sum: 15,7]
      [Termination (ms): Min: 0,0, Avg: 0,0, Max: 0,0, Diff: 0,0, Sum: 0,0]
         [Termination Attempts: Min: 1, Avg: 6,8, Max: 14, Diff: 13, Sum: 27]
      [GC Worker Other (ms): Min: 0,0, Avg: 0,0, Max: 0,0, Diff: 0,0, Sum: 0,0]
      [GC Worker Total (ms): Min: 4,0, Avg: 5,2, Max: 6,5, Diff: 2,5, Sum: 20,8]
      [GC Worker End (ms): Min: 3285,5, Avg: 3285,5, Max: 3285,5, Diff: 0,0]
   [Code Root Fixup: 0,2 ms]
   [Code Root Purge: 0,0 ms]
   [Clear CT: 0,1 ms]
   [Other: 1,6 ms]
      [Choose CSet: 0,0 ms]
      [Ref Proc: 1,3 ms]
      [Ref Enq: 0,0 ms]
      [Redirty Cards: 0,0 ms]
      [Humongous Register: 0,1 ms]
      [Humongous Reclaim: 0,0 ms]
      [Free CSet: 0,1 ms]
   [Eden: 44,0M(44,0M)->0,0B(44,0M) Survivors: 7168,0K->7168,0K Heap: 179,4M(1024,0M)->137,4M(1024,0M)]
 [Times: user=0,02 sys=0,00, real=0,01 secs] 
2017-06-25T22:28:36.729+0200: 107,695: [GC pause (Metadata GC Threshold) (young) (initial-mark), 0,0097022 secs]
   [Parallel Time: 8,0 ms, GC Workers: 4]
      [GC Worker Start (ms): Min: 107694,9, Avg: 107694,9, Max: 107695,0, Diff: 0,0]
      [Ext Root Scanning (ms): Min: 1,2, Avg: 1,3, Max: 1,4, Diff: 0,2, Sum: 5,1]
      [Update RS (ms): Min: 0,0, Avg: 0,1, Max: 0,2, Diff: 0,2, Sum: 0,5]
         [Processed Buffers: Min: 0, Avg: 1,0, Max: 2, Diff: 2, Sum: 4]
      [Scan RS (ms): Min: 0,0, Avg: 0,0, Max: 0,0, Diff: 0,0, Sum: 0,0]
      [Code Root Scanning (ms): Min: 0,1, Avg: 0,4, Max: 0,8, Diff: 0,7, Sum: 1,6]
      [Object Copy (ms): Min: 2,6, Avg: 3,3, Max: 3,7, Diff: 1,1, Sum: 13,1]
      [Termination (ms): Min: 0,0, Avg: 0,0, Max: 0,0, Diff: 0,0, Sum: 0,0]
         [Termination Attempts: Min: 1, Avg: 1,5, Max: 2, Diff: 1, Sum: 6]
      [GC Worker Other (ms): Min: 0,0, Avg: 0,0, Max: 0,0, Diff: 0,0, Sum: 0,0]
      [GC Worker Total (ms): Min: 5,1, Avg: 5,1, Max: 5,1, Diff: 0,0, Sum: 20,3]
      [GC Worker End (ms): Min: 107700,0, Avg: 107700,0, Max: 107700,0, Diff: 0,0]
   [Code Root Fixup: 0,4 ms]
   [Code Root Purge: 0,0 ms]
   [Clear CT: 0,0 ms]
   [Other: 1,2 ms]
      [Choose CSet: 0,0 ms]
      [Ref Proc: 0,7 ms]
      [Ref Enq: 0,0 ms]
      [Redirty Cards: 0,1 ms]
      [Humongous Register: 0,1 ms]
      [Humongous Reclaim: 0,0 ms]
      [Free CSet: 0,1 ms]
   [Eden: 18,0M(44,0M)->0,0B(47,0M) Survivors: 7168,0K->4096,0K Heap: 154,8M(1024,0M)->137,6M(1024,0M)]
 [Times: user=0,02 sys=0,00, real=0,02 secs] 
2017-06-25T22:28:36.739+0200: 107,705: [GC concurrent-root-region-scan-start]
2017-06-25T22:28:36.743+0200: 107,709: [GC concurrent-root-region-scan-end, 0,0041243 secs]
2017-06-25T22:28:36.743+0200: 107,709: [GC concurrent-mark-start]
2017-06-25T22:28:36.749+0200: 107,715: [GC concurrent-mark-end, 0,0066575 secs]
2017-06-25T22:28:36.750+0200: 107,716: [GC remark 2017-06-25T22:28:36.750+0200: 107,716: [Finalize Marking, 0,0015466 secs] 2017-06-25T22:28:36.751+0200: 107,717: [GC ref-proc, 0,0001688 secs] 2017-06-25T22:28:36.752+0200: 107,718: [Unloading, 0,0077662 secs], 0,0122614 secs]
 [Times: user=0,02 sys=0,00, real=0,01 secs] 
2017-06-25T22:28:36.764+0200: 107,730: [GC cleanup 137M->135M(1024M), 0,0035680 secs]
 [Times: user=0,01 sys=0,00, real=0,00 secs] 
2017-06-25T22:28:36.767+0200: 107,733: [GC concurrent-cleanup-start]
2017-06-25T22:28:36.767+0200: 107,733: [GC concurrent-cleanup-end, 0,0000164 secs]
2017-06-25T22:32:57.884+0200: 368,850: [GC pause (G1 Evacuation Pause) (young), 0,0043160 secs]
   [Parallel Time: 3,3 ms, GC Workers: 4]
      [GC Worker Start (ms): Min: 368849,9, Avg: 368850,7, Max: 368853,1, Diff: 3,2]
      [Ext Root Scanning (ms): Min: 0,0, Avg: 0,5, Max: 0,7, Diff: 0,7, Sum: 2,1]
      [Update RS (ms): Min: 0,0, Avg: 0,3, Max: 0,4, Diff: 0,4, Sum: 1,0]
         [Processed Buffers: Min: 0, Avg: 6,0, Max: 13, Diff: 13, Sum: 24]
      [Scan RS (ms): Min: 0,0, Avg: 0,2, Max: 0,4, Diff: 0,3, Sum: 0,7]
      [Code Root Scanning (ms): Min: 0,0, Avg: 0,1, Max: 0,4, Diff: 0,4, Sum: 0,6]
      [Object Copy (ms): Min: 0,0, Avg: 1,2, Max: 1,9, Diff: 1,9, Sum: 5,0]
      [Termination (ms): Min: 0,0, Avg: 0,1, Max: 0,1, Diff: 0,1, Sum: 0,4]
         [Termination Attempts: Min: 1, Avg: 1,2, Max: 2, Diff: 1, Sum: 5]
      [GC Worker Other (ms): Min: 0,0, Avg: 0,0, Max: 0,0, Diff: 0,0, Sum: 0,0]
      [GC Worker Total (ms): Min: 0,0, Avg: 2,5, Max: 3,3, Diff: 3,2, Sum: 9,8]
      [GC Worker End (ms): Min: 368853,1, Avg: 368853,1, Max: 368853,1, Diff: 0,0]
   [Code Root Fixup: 0,2 ms]
   [Code Root Purge: 0,0 ms]
   [Clear CT: 0,0 ms]
   [Other: 0,8 ms]
      [Choose CSet: 0,0 ms]
      [Ref Proc: 0,6 ms]
      [Ref Enq: 0,0 ms]
      [Redirty Cards: 0,0 ms]
      [Humongous Register: 0,0 ms]
      [Humongous Reclaim: 0,0 ms]
      [Free CSet: 0,0 ms]
   [Eden: 47,0M(47,0M)->0,0B(47,0M) Survivors: 4096,0K->4096,0K Heap: 182,6M(1024,0M)->135,2M(1024,0M)]
 [Times: user=0,02 sys=0,00, real=0,00 secs] 
2017-06-25T22:32:59.705+0200: 370,671: [GC pause (G1 Evacuation Pause) (young), 0,0142520 secs]
   [Parallel Time: 11,2 ms, GC Workers: 4]
      [GC Worker Start (ms): Min: 370671,2, Avg: 370675,2, Max: 370677,5, Diff: 6,3]
      [Ext Root Scanning (ms): Min: 0,0, Avg: 0,6, Max: 2,2, Diff: 2,2, Sum: 2,2]
      [Update RS (ms): Min: 0,0, Avg: 0,2, Max: 0,7, Diff: 0,7, Sum: 0,7]
         [Processed Buffers: Min: 0, Avg: 2,5, Max: 10, Diff: 10, Sum: 10]
      [Scan RS (ms): Min: 0,0, Avg: 0,0, Max: 0,0, Diff: 0,0, Sum: 0,0]
      [Code Root Scanning (ms): Min: 0,0, Avg: 0,2, Max: 0,4, Diff: 0,4, Sum: 0,8]
      [Object Copy (ms): Min: 0,7, Avg: 3,1, Max: 7,8, Diff: 7,1, Sum: 12,2]
      [Termination (ms): Min: 0,0, Avg: 3,1, Max: 4,2, Diff: 4,2, Sum: 12,4]
         [Termination Attempts: Min: 1, Avg: 1,0, Max: 1, Diff: 0, Sum: 4]
      [GC Worker Other (ms): Min: 0,0, Avg: 0,0, Max: 0,0, Diff: 0,0, Sum: 0,0]
      [GC Worker Total (ms): Min: 4,9, Avg: 7,1, Max: 11,0, Diff: 6,1, Sum: 28,3]
      [GC Worker End (ms): Min: 370682,2, Avg: 370682,3, Max: 370682,4, Diff: 0,2]
   [Code Root Fixup: 0,3 ms]
   [Code Root Purge: 0,0 ms]
   [Clear CT: 0,0 ms]
   [Other: 2,7 ms]
      [Choose CSet: 0,0 ms]
      [Ref Proc: 2,4 ms]
      [Ref Enq: 0,0 ms]
      [Redirty Cards: 0,0 ms]
      [Humongous Register: 0,1 ms]
      [Humongous Reclaim: 0,0 ms]
      [Free CSet: 0,0 ms]
   [Eden: 47,0M(47,0M)->0,0B(46,0M) Survivors: 4096,0K->5120,0K Heap: 182,2M(1024,0M)->136,6M(1024,0M)]
 [Times: user=0,03 sys=0,00, real=0,02 secs] 
2017-06-25T22:33:00.091+0200: 371,057: [GC pause (G1 Humongous Allocation) (young) (initial-mark), 0,0094149 secs]
   [Parallel Time: 8,6 ms, GC Workers: 4]
      [GC Worker Start (ms): Min: 371056,8, Avg: 371059,1, Max: 371060,1, Diff: 3,3]
      [Ext Root Scanning (ms): Min: 0,0, Avg: 2,5, Max: 4,0, Diff: 4,0, Sum: 10,1]
      [Update RS (ms): Min: 0,0, Avg: 0,2, Max: 0,7, Diff: 0,7, Sum: 0,7]
         [Processed Buffers: Min: 0, Avg: 3,0, Max: 12, Diff: 12, Sum: 12]
      [Scan RS (ms): Min: 0,0, Avg: 0,0, Max: 0,0, Diff: 0,0, Sum: 0,0]
      [Code Root Scanning (ms): Min: 0,0, Avg: 0,2, Max: 1,0, Diff: 1,0, Sum: 1,0]
      [Object Copy (ms): Min: 1,4, Avg: 3,1, Max: 6,1, Diff: 4,7, Sum: 12,4]
      [Termination (ms): Min: 0,0, Avg: 0,1, Max: 0,2, Diff: 0,2, Sum: 0,6]
         [Termination Attempts: Min: 1, Avg: 2,0, Max: 3, Diff: 2, Sum: 8]
      [GC Worker Other (ms): Min: 0,0, Avg: 0,0, Max: 0,0, Diff: 0,0, Sum: 0,0]
      [GC Worker Total (ms): Min: 5,2, Avg: 6,2, Max: 8,6, Diff: 3,3, Sum: 24,9]
      [GC Worker End (ms): Min: 371065,3, Avg: 371065,3, Max: 371065,3, Diff: 0,0]
   [Code Root Fixup: 0,2 ms]
   [Code Root Purge: 0,0 ms]
   [Clear CT: 0,0 ms]
   [Other: 0,6 ms]
      [Choose CSet: 0,0 ms]
      [Ref Proc: 0,2 ms]
      [Ref Enq: 0,0 ms]
      [Redirty Cards: 0,0 ms]
      [Humongous Register: 0,0 ms]
      [Humongous Reclaim: 0,2 ms]
      [Free CSet: 0,0 ms]
   [Eden: 36,0M(46,0M)->0,0B(46,0M) Survivors: 5120,0K->5120,0K Heap: 357,4M(1024,0M)->136,3M(1024,0M)]
 [Times: user=0,03 sys=0,00, real=0,01 secs] 
2017-06-25T22:33:00.100+0200: 371,066: [GC concurrent-root-region-scan-start]
2017-06-25T22:33:00.104+0200: 371,070: [GC concurrent-root-region-scan-end, 0,0039468 secs]
2017-06-25T22:33:00.104+0200: 371,070: [GC concurrent-mark-start]
2017-06-25T22:33:00.114+0200: 371,080: [GC concurrent-mark-end, 0,0095184 secs]
2017-06-25T22:33:00.114+0200: 371,080: [GC remark 2017-06-25T22:33:00.114+0200: 371,080: [Finalize Marking, 0,0075321 secs] 2017-06-25T22:33:00.121+0200: 371,087: [GC ref-proc, 0,0001131 secs] 2017-06-25T22:33:00.122+0200: 371,088: [Unloading, 0,0081569 secs], 0,0177177 secs]
 [Times: user=0,04 sys=0,00, real=0,02 secs] 
2017-06-25T22:33:00.132+0200: 371,098: [GC cleanup 176M->176M(1024M), 0,0012192 secs]
 [Times: user=0,01 sys=0,00, real=0,00 secs] 
2017-06-25T22:43:12.252+0200: 983,218: [GC pause (G1 Evacuation Pause) (young), 0,0056458 secs]
   [Parallel Time: 4,3 ms, GC Workers: 4]
      [GC Worker Start (ms): Min: 983217,8, Avg: 983218,0, Max: 983218,4, Diff: 0,6]
      [Ext Root Scanning (ms): Min: 0,1, Avg: 0,4, Max: 0,7, Diff: 0,6, Sum: 1,7]
      [Update RS (ms): Min: 0,1, Avg: 0,2, Max: 0,4, Diff: 0,3, Sum: 0,8]
         [Processed Buffers: Min: 1, Avg: 4,2, Max: 9, Diff: 8, Sum: 17]
      [Scan RS (ms): Min: 0,0, Avg: 0,0, Max: 0,0, Diff: 0,0, Sum: 0,0]
      [Code Root Scanning (ms): Min: 0,2, Avg: 0,5, Max: 0,9, Diff: 0,7, Sum: 1,9]
      [Object Copy (ms): Min: 2,7, Avg: 2,9, Max: 3,4, Diff: 0,7, Sum: 11,7]
      [Termination (ms): Min: 0,0, Avg: 0,0, Max: 0,0, Diff: 0,0, Sum: 0,0]
         [Termination Attempts: Min: 1, Avg: 1,2, Max: 2, Diff: 1, Sum: 5]
      [GC Worker Other (ms): Min: 0,0, Avg: 0,0, Max: 0,0, Diff: 0,0, Sum: 0,1]
      [GC Worker Total (ms): Min: 3,6, Avg: 4,1, Max: 4,2, Diff: 0,6, Sum: 16,3]
      [GC Worker End (ms): Min: 983222,1, Avg: 983222,1, Max: 983222,1, Diff: 0,0]
   [Code Root Fixup: 0,4 ms]
   [Code Root Purge: 0,1 ms]
   [Clear CT: 0,1 ms]
   [Other: 0,8 ms]
      [Choose CSet: 0,0 ms]
      [Ref Proc: 0,4 ms]
      [Ref Enq: 0,0 ms]
      [Redirty Cards: 0,0 ms]
      [Humongous Register: 0,0 ms]
      [Humongous Reclaim: 0,1 ms]
      [Free CSet: 0,1 ms]
   [Eden: 46,0M(46,0M)->0,0B(46,0M) Survivors: 5120,0K->5120,0K Heap: 247,3M(1024,0M)->136,4M(1024,0M)]
 [Times: user=0,02 sys=0,00, real=0,00 secs] 
2017-06-25T22:54:23.067+0200: 1654,032: [GC pause (G1 Evacuation Pause) (young), 0,0086578 secs]
   [Parallel Time: 7,4 ms, GC Workers: 4]
      [GC Worker Start (ms): Min: 1654032,6, Avg: 1654032,6, Max: 1654032,6, Diff: 0,0]
      [Ext Root Scanning (ms): Min: 0,5, Avg: 0,6, Max: 1,0, Diff: 0,5, Sum: 2,6]
      [Update RS (ms): Min: 0,2, Avg: 0,3, Max: 0,6, Diff: 0,4, Sum: 1,2]
         [Processed Buffers: Min: 1, Avg: 2,0, Max: 5, Diff: 4, Sum: 8]
      [Scan RS (ms): Min: 0,0, Avg: 0,0, Max: 0,0, Diff: 0,0, Sum: 0,1]
      [Code Root Scanning (ms): Min: 0,0, Avg: 0,6, Max: 1,3, Diff: 1,3, Sum: 2,6]
      [Object Copy (ms): Min: 5,2, Avg: 5,7, Max: 6,2, Diff: 1,0, Sum: 22,9]
      [Termination (ms): Min: 0,0, Avg: 0,0, Max: 0,0, Diff: 0,0, Sum: 0,0]
         [Termination Attempts: Min: 1, Avg: 1,0, Max: 1, Diff: 0, Sum: 4]
      [GC Worker Other (ms): Min: 0,0, Avg: 0,0, Max: 0,0, Diff: 0,0, Sum: 0,0]
      [GC Worker Total (ms): Min: 7,3, Avg: 7,3, Max: 7,4, Diff: 0,0, Sum: 29,4]
      [GC Worker End (ms): Min: 1654039,9, Avg: 1654040,0, Max: 1654040,0, Diff: 0,0]
   [Code Root Fixup: 0,3 ms]
   [Code Root Purge: 0,0 ms]
   [Clear CT: 0,2 ms]
   [Other: 0,7 ms]
      [Choose CSet: 0,0 ms]
      [Ref Proc: 0,2 ms]
      [Ref Enq: 0,0 ms]
      [Redirty Cards: 0,2 ms]
      [Humongous Register: 0,0 ms]
      [Humongous Reclaim: 0,0 ms]
      [Free CSet: 0,0 ms]
   [Eden: 46,0M(46,0M)->0,0B(47,0M) Survivors: 5120,0K->4096,0K Heap: 182,4M(1024,0M)->137,2M(1024,0M)]
 [Times: user=0,03 sys=0,00, real=0,01 secs] 
2017-06-25T23:06:05.275+0200: 2356,241: [GC pause (G1 Evacuation Pause) (young), 0,0052678 secs]
   [Parallel Time: 4,5 ms, GC Workers: 4]
      [GC Worker Start (ms): Min: 2356241,1, Avg: 2356241,1, Max: 2356241,2, Diff: 0,1]
      [Ext Root Scanning (ms): Min: 0,4, Avg: 0,4, Max: 0,5, Diff: 0,1, Sum: 1,7]
      [Update RS (ms): Min: 0,7, Avg: 0,8, Max: 0,9, Diff: 0,1, Sum: 3,3]
         [Processed Buffers: Min: 2, Avg: 5,0, Max: 13, Diff: 11, Sum: 20]
      [Scan RS (ms): Min: 0,0, Avg: 0,0, Max: 0,0, Diff: 0,0, Sum: 0,0]
      [Code Root Scanning (ms): Min: 0,0, Avg: 0,3, Max: 0,6, Diff: 0,6, Sum: 1,0]
      [Object Copy (ms): Min: 2,7, Avg: 2,9, Max: 3,2, Diff: 0,6, Sum: 11,8]
      [Termination (ms): Min: 0,0, Avg: 0,0, Max: 0,0, Diff: 0,0, Sum: 0,0]
         [Termination Attempts: Min: 1, Avg: 1,0, Max: 1, Diff: 0, Sum: 4]
      [GC Worker Other (ms): Min: 0,0, Avg: 0,0, Max: 0,0, Diff: 0,0, Sum: 0,1]
      [GC Worker Total (ms): Min: 4,4, Avg: 4,5, Max: 4,5, Diff: 0,1, Sum: 17,8]
      [GC Worker End (ms): Min: 2356245,6, Avg: 2356245,6, Max: 2356245,6, Diff: 0,0]
   [Code Root Fixup: 0,2 ms]
   [Code Root Purge: 0,0 ms]
   [Clear CT: 0,1 ms]
   [Other: 0,4 ms]
      [Choose CSet: 0,0 ms]
      [Ref Proc: 0,1 ms]
      [Ref Enq: 0,0 ms]
      [Redirty Cards: 0,0 ms]
      [Humongous Register: 0,0 ms]
      [Humongous Reclaim: 0,0 ms]
      [Free CSet: 0,0 ms]
   [Eden: 47,0M(47,0M)->0,0B(57,0M) Survivors: 4096,0K->5120,0K Heap: 184,2M(1024,0M)->137,7M(1024,0M)]
 [Times: user=0,02 sys=0,00, real=0,01 secs] 
2017-06-25T23:28:29.842+0200: 3700,808: [GC pause (G1 Evacuation Pause) (young), 0,0048941 secs]
   [Parallel Time: 4,0 ms, GC Workers: 4]
      [GC Worker Start (ms): Min: 3700807,8, Avg: 3700807,9, Max: 3700807,9, Diff: 0,0]
      [Ext Root Scanning (ms): Min: 0,5, Avg: 0,6, Max: 0,7, Diff: 0,3, Sum: 2,2]
      [Update RS (ms): Min: 0,3, Avg: 0,4, Max: 0,4, Diff: 0,1, Sum: 1,4]
         [Processed Buffers: Min: 1, Avg: 5,8, Max: 15, Diff: 14, Sum: 23]
      [Scan RS (ms): Min: 0,0, Avg: 0,0, Max: 0,0, Diff: 0,0, Sum: 0,0]
      [Code Root Scanning (ms): Min: 0,0, Avg: 0,2, Max: 0,5, Diff: 0,5, Sum: 0,9]
      [Object Copy (ms): Min: 2,6, Avg: 2,8, Max: 3,0, Diff: 0,4, Sum: 11,2]
      [Termination (ms): Min: 0,0, Avg: 0,0, Max: 0,0, Diff: 0,0, Sum: 0,0]
         [Termination Attempts: Min: 1, Avg: 1,5, Max: 2, Diff: 1, Sum: 6]
      [GC Worker Other (ms): Min: 0,0, Avg: 0,0, Max: 0,0, Diff: 0,0, Sum: 0,0]
      [GC Worker Total (ms): Min: 3,9, Avg: 4,0, Max: 4,0, Diff: 0,0, Sum: 15,8]
      [GC Worker End (ms): Min: 3700811,8, Avg: 3700811,8, Max: 3700811,8, Diff: 0,0]
   [Code Root Fixup: 0,2 ms]
   [Code Root Purge: 0,0 ms]
   [Clear CT: 0,1 ms]
   [Other: 0,6 ms]
      [Choose CSet: 0,0 ms]
      [Ref Proc: 0,4 ms]
      [Ref Enq: 0,0 ms]
      [Redirty Cards: 0,0 ms]
      [Humongous Register: 0,0 ms]
      [Humongous Reclaim: 0,0 ms]
      [Free CSet: 0,0 ms]
   [Eden: 57,0M(57,0M)->0,0B(143,0M) Survivors: 5120,0K->5120,0K Heap: 194,7M(1024,0M)->137,7M(1024,0M)]
 [Times: user=0,01 sys=0,00, real=0,00 secs] 
