OpenJDK 64-Bit Server VM (25.131-b11) for linux-amd64 JRE (1.8.0_131-8u131-b11-0ubuntu1.16.04.2-b11), built on May  6 2017 02:45:27 by "buildd" with gcc 5.4.0 20160609
Memory: 4k page, physical 16150428k(8165848k free), swap 16489468k(16489468k free)
CommandLine flags: -XX:+DisableExplicitGC -XX:InitialHeapSize=536870912 -XX:InitiatingHeapOccupancyPercent=35 -XX:+ManagementServer -XX:MaxGCPauseMillis=20 -XX:MaxHeapSize=536870912 -XX:+PrintGC -XX:+PrintGCDateStamps -XX:+PrintGCDetails -XX:+PrintGCTimeStamps -XX:+UseCompressedClassPointers -XX:+UseCompressedOops -XX:+UseG1GC 
2017-06-25T23:12:53.165+0200: 2766,863: [GC pause (G1 Evacuation Pause) (young), 0,0150433 secs]
   [Parallel Time: 11,4 ms, GC Workers: 4]
      [GC Worker Start (ms): Min: 2766862,8, Avg: 2766863,4, Max: 2766865,2, Diff: 2,4]
      [Ext Root Scanning (ms): Min: 0,0, Avg: 1,3, Max: 1,9, Diff: 1,8, Sum: 5,0]
      [Update RS (ms): Min: 0,0, Avg: 0,0, Max: 0,0, Diff: 0,0, Sum: 0,0]
         [Processed Buffers: Min: 0, Avg: 0,0, Max: 0, Diff: 0, Sum: 0]
      [Scan RS (ms): Min: 0,0, Avg: 0,0, Max: 0,0, Diff: 0,0, Sum: 0,1]
      [Code Root Scanning (ms): Min: 0,3, Avg: 0,7, Max: 1,5, Diff: 1,3, Sum: 2,8]
      [Object Copy (ms): Min: 7,9, Avg: 8,5, Max: 9,2, Diff: 1,3, Sum: 34,2]
      [Termination (ms): Min: 0,0, Avg: 0,0, Max: 0,0, Diff: 0,0, Sum: 0,0]
         [Termination Attempts: Min: 1, Avg: 3,0, Max: 5, Diff: 4, Sum: 12]
      [GC Worker Other (ms): Min: 0,0, Avg: 0,0, Max: 0,0, Diff: 0,0, Sum: 0,1]
      [GC Worker Total (ms): Min: 8,8, Avg: 10,5, Max: 11,2, Diff: 2,4, Sum: 42,2]
      [GC Worker End (ms): Min: 2766874,0, Avg: 2766874,0, Max: 2766874,0, Diff: 0,0]
   [Code Root Fixup: 0,5 ms]
   [Code Root Purge: 0,1 ms]
   [Clear CT: 0,4 ms]
   [Other: 2,7 ms]
      [Choose CSet: 0,0 ms]
      [Ref Proc: 1,8 ms]
      [Ref Enq: 0,0 ms]
      [Redirty Cards: 0,5 ms]
      [Humongous Register: 0,0 ms]
      [Humongous Reclaim: 0,0 ms]
      [Free CSet: 0,1 ms]
   [Eden: 25,0M(25,0M)->0,0B(21,0M) Survivors: 0,0B->4096,0K Heap: 25,0M(512,0M)->3594,2K(512,0M)]
 [Times: user=0,05 sys=0,00, real=0,02 secs] 
